[aydos.com/svgedit.0.delayed]
[aydos.com/svgedit/index.html]
[backblue.gif]
[fade.gif]
[index.html]
[aydos.com/css/aydoscom.css]
[aydos.com/favicon.svg]
[aydos.com/img/icons.svg]
[aydos.com/index.html]
[aydos.com/about.4.delayed]
[aydos.com/about/index.html]
[aydos.com/js/svgpath.min.js]
[aydos.com/js/svgedit.js]
[aydos.com/svgedit/index.html]
[www.google-analytics.com/analytics.js]
[aydos.com/img/aydos1.jpg]
[aydos.com/vocabularytest.9.delayed]
[aydos.com/vocabularytest/index.html]
[aydos.com/img/applications/vocabularytest.png]
[aydos.com/flashcards.b.delayed]
[aydos.com/flashcards/index.html]
[aydos.com/img/applications/flashcards.png]
[aydos.com/cloudywords.d.delayed]
[aydos.com/cloudywords/index.html]
[aydos.com/img/applications/cloudywords.png]
[aydos.com/hizliokuma.f.delayed]
[aydos.com/img/applications/speedreading.png]
[aydos.com/hizliokuma/index.html]
[aydos.com/speedreading.11.delayed]
[aydos.com/wormhole.12.delayed]
[aydos.com/speedreading/index.html]
[aydos.com/img/applications/wormhole.png]
[aydos.com/wormhole/index.html]
[aydos.com/primes.14.delayed]
[aydos.com/img/applications/primes.png]
[aydos.com/primes/index.html]
[aydos.com/pi.16.delayed]
[aydos.com/pi/index.html]
[aydos.com/img/applications/pi.png]
[aydos.com/brainwaves.18.delayed]
[aydos.com/img/applications/brainwaves.png]
[aydos.com/brainwaves/index.html]
[aydos.com/img/applications/svgedit.png]
[aydos.com/bayrak.1b.delayed]
[aydos.com/bayrak/index.html]
[aydos.com/img/applications/bayrak.png]
[aydos.com/turkiye.1d.delayed]
[aydos.com/turkiye/index.html]
[aydos.com/img/applications/turkiye.png]
[aydos.com/fcm.1f.delayed]
[aydos.com/img/applications/fcm.png]
[aydos.com/fcm/index.html]
[aydos.com/fnf.21.delayed]
[aydos.com/img/applications/fnf.png]
[aydos.com/fnf/index.html]
[aydos.com/img/android/aydoku.png]
[aydos.com/img/android/black_background.png]
[aydos.com/img/android/blocks_live.png]
[aydos.com/img/android/blocks_live_pro.png]
[aydos.com/img/android/color_background.png]
[aydos.com/img/android/colors_patterns.png]
[aydos.com/img/android/flashcards_english_words.png]
[aydos.com/img/android/flashcards_lithuanian_words.png]
[aydos.com/img/android/flashcards_turkish_words.png]
[aydos.com/img/android/mr_owl.png]
[aydos.com/img/android/owls_live.png]
[aydos.com/img/android/sum_them_all.png]
[aydos.com/img/projects/aydosbe.jpg]
[aydos.com/img/projects/aydosnet.jpg]
[aydos.com/img/projects/aydosorg.jpg]
[aydos.com/index.html]
[aydos.com/about/index.html]
[aydos.com/img/aydos2.jpg]
[aydos.com/js/vocabularies.33.delayed]
[aydos.com/vocabularytest/index.html]
[aydos.com/js/vocabularytest.js]
[aydos.com/flashcards/index.html]
[aydos.com/cloudywords/index.html]
[aydos.com/js/flashcards.js]
[aydos.com/hizliokuma/index.html]
[aydos.com/js/speedreading.js]
[www.assoc-amazon.com/e/ir9870.gif]
[www.assoc-amazon.com/e/ir5cea.gif]
[www.assoc-amazon.com/e/ir8ed8.gif]
[www.assoc-amazon.com/e/ir5dd7.gif]
[www.assoc-amazon.com/e/ir5be9.gif]
[aydos.com/speedreading/index.html]
[d3js.org/d3.v3.min.js]
[aydos.com/js/wormhole.js]
[aydos.com/wormhole/index.html]
[aydos.com/js/primes.js]
[aydos.com/primes/index.html]
[cdn.mathjax.org/mathjax/latest/MathJaxb198.js]
[aydos.com/js/pi.js]
[aydos.com/pi/index.html]
[aydos.com/brainwaves/index.html]
[aydos.com/js/brainwaves.js]
[aydos.com/bayrak/index.html]
[aydos.com/js/bayrak.js]
[d3js.org/topojson.v1.min.js]
[aydos.com/turkiye/index.html]
[aydos.com/js/turkiye.js]
[aydos.com/flash/FuzzyClustering.gz]
[aydos.com/fcm/index.html]
[aydos.com/flash/FuzzyNorms.gz]
[aydos.com/fnf/index.html]
[aydos.com/img/applications/vocabularytest.png]
[aydos.com/img/applications/flashcards.png]
[aydos.com/img/backacik.jpg]
[aydos.com/img/applications/cloudywords.png]
[aydos.com/img/applications/speedreading.png]
[aydos.com/img/backkoyu.jpg]
[aydos.com/img/applications/wormhole.png]
[aydos.com/css/aydoscom.css]
[aydos.com/img/applications/primes.png]
[aydos.com/favicon.svg]
[aydos.com/img/applications/pi.png]
[aydos.com/img/icons.svg]
[aydos.com/js/svgpath.min.js]
[aydos.com/js/svgedit.js]
[aydos.com/vocabularytest/index.html]
[aydos.com/flashcards/index.html]
[aydos.com/cloudywords/index.html]
[aydos.com/hizliokuma/index.html]
[aydos.com/speedreading/index.html]
[aydos.com/primes/index.html]
[aydos.com/pi/index.html]
[aydos.com/brainwaves/index.html]
[aydos.com/bayrak/index.html]
[aydos.com/turkiye/index.html]
[aydos.com/fcm/index.html]
[aydos.com/fnf/index.html]
[aydos.com/js/vocabularies.html]
[aydos.com/js/vocabularytest.js]
[aydos.com/js/flashcards.js]
[aydos.com/js/speedreading.js]
[www.assoc-amazon.com/e/ir5be9.gif]
[aydos.com/js/wormhole.js]
[aydos.com/js/primes.js]
[aydos.com/js/pi.js]
[aydos.com/js/brainwaves.js]
[aydos.com/js/bayrak.js]
[aydos.com/js/turkiye.js]
